------------------------------------------------------------
Timing Analyzer Summary
------------------------------------------------------------

Type  : Slow 1100mV 85C Model Setup 'clk'
Slack : -0.283
TNS   : -0.561

Type  : Slow 1100mV 85C Model Hold 'clk'
Slack : 0.354
TNS   : 0.000

Type  : Slow 1100mV 85C Model Minimum Pulse Width 'clk'
Slack : -0.394
TNS   : -1.085

Type  : Slow 1100mV 0C Model Setup 'clk'
Slack : -0.267
TNS   : -0.528

Type  : Slow 1100mV 0C Model Hold 'clk'
Slack : 0.330
TNS   : 0.000

Type  : Slow 1100mV 0C Model Minimum Pulse Width 'clk'
Slack : -0.394
TNS   : -1.112

Type  : Fast 1100mV 85C Model Setup 'clk'
Slack : 0.097
TNS   : 0.000

Type  : Fast 1100mV 85C Model Hold 'clk'
Slack : 0.147
TNS   : 0.000

Type  : Fast 1100mV 85C Model Minimum Pulse Width 'clk'
Slack : -0.207
TNS   : -0.413

Type  : Fast 1100mV 0C Model Setup 'clk'
Slack : 0.135
TNS   : 0.000

Type  : Fast 1100mV 0C Model Hold 'clk'
Slack : 0.122
TNS   : 0.000

Type  : Fast 1100mV 0C Model Minimum Pulse Width 'clk'
Slack : -0.230
TNS   : -0.457

------------------------------------------------------------
